report@config:load 34.02
Authorized using stored user info.
report@account:authorize 31.02
stderr: 'rm' is not recognized as an internal or external command,
operable program or batch file.

Exporting assets from Unity............

[ Stage1 ] Assets exported from Unity and staged for further processing
report@unity:export 9110.19
report@config:load 15.83
Using F:/UnityProjects/SRG_V01/Assets/01 RESOURCES/Font/Gotham-Black.otf file to generate an atlas for Gotham-Black[36976] font
  Using alphabet  ┬º1234567890-=qwertyuiop[]asdfghjkl;'\`zxcvbnm,./┬▒!@#$%^&*()_+QWERTYUIOP{}ASDFGHJKL:"|~ZXCVBNM<>?
Combined 97 glyphs into bitmap texture at F:/UnityProjects/SRG_V01/LunaTemp/stage1/tmp/fonts/Gotham-Black-36976/output_0.png (58kb)
Resources:
{}
report@assets:stage2 7349.47
report@assets:stage3 472.09
[ Stage2 ] Assets postprocessed and bundled successfully
report@config:unity 0.21
report@config:load 35.71
report@config:unity 0.13
report@code:compose 146.67
Authorized using stored user info.
report@account:authorize 3.95
MSBuild version 18.8.2+ce25c0108 for .NET Framework

Build started 7/23/2026 4:17:59 PM.



Project "F:\LunaPlayworks\7.2.0\pipeline\templates\LunaCompiler\Scripts\Scripts.csproj" on node 1 (Rebuild target(s)).

CoreClean:
  Deleting file "F:\LunaPlayworks\7.2.0\pipeline\templates\LunaCompiler\Scripts\bin\Debug\UnityScriptsCompiler.dll".

  Deleting file "F:\LunaPlayworks\7.2.0\pipeline\templates\LunaCompiler\Scripts\bin\Debug\UnityScriptsCompiler.pdb".

  Deleting file "F:\LunaPlayworks\7.2.0\pipeline\templates\LunaCompiler\Scripts\bin\Debug\Bridge.dll".

  Deleting file "F:\LunaPlayworks\7.2.0\pipeline\templates\LunaCompiler\Scripts\bin\Debug\Bridge.Html5.dll".

  Deleting file "F:\LunaPlayworks\7.2.0\pipeline\templates\LunaCompiler\Scripts\bin\Debug\Bridge.WebGL.dll".

  Deleting file "F:\LunaPlayworks\7.2.0\pipeline\templates\LunaCompiler\Scripts\bin\Debug\DOTween.dll".

  Deleting file "F:\LunaPlayworks\7.2.0\pipeline\templates\LunaCompiler\Scripts\bin\Debug\Newtonsoft.Json.dll".

  Deleting file "F:\LunaPlayworks\7.2.0\pipeline\templates\LunaCompiler\Scripts\bin\Debug\Retyped.Core.dll".

  Deleting file "F:\LunaPlayworks\7.2.0\pipeline\templates\LunaCompiler\Scripts\bin\Debug\Retyped.dom.dll".

  Deleting file "F:\LunaPlayworks\7.2.0\pipeline\templates\LunaCompiler\Scripts\bin\Debug\Retyped.es5.dll".

  Deleting file "F:\LunaPlayworks\7.2.0\pipeline\templates\LunaCompiler\Scripts\bin\Debug\Retyped.scripthost.dll".

  Deleting file "F:\LunaPlayworks\7.2.0\pipeline\templates\LunaCompiler\Scripts\bin\Debug\TextMeshPro.dll".

  Deleting file "F:\LunaPlayworks\7.2.0\pipeline\templates\LunaCompiler\Scripts\bin\Debug\UnityEngine.dll".

  Deleting file "F:\LunaPlayworks\7.2.0\pipeline\templates\LunaCompiler\Scripts\bin\Debug\UnityEngine.UI.dll".

  Deleting file "F:\LunaPlayworks\7.2.0\pipeline\templates\LunaCompiler\Scripts\bin\Debug\UnityEngine.UniversalRenderPipeline.dll".

  Deleting file "F:\LunaPlayworks\7.2.0\pipeline\templates\LunaCompiler\Scripts\bin\Debug\Bridge.xml".

  Deleting file "F:\LunaPlayworks\7.2.0\pipeline\templates\LunaCompiler\Scripts\bin\Debug\Bridge.Html5.xml".

  Deleting file "F:\LunaPlayworks\7.2.0\pipeline\templates\LunaCompiler\Scripts\bin\Debug\Bridge.WebGL.xml".

  Deleting file "F:\LunaPlayworks\7.2.0\pipeline\templates\LunaCompiler\Scripts\bin\Debug\Newtonsoft.Json.xml".

  Deleting file "F:\LunaPlayworks\7.2.0\pipeline\templates\LunaCompiler\Scripts\bin\Debug\Retyped.Core.xml".

  Deleting file "F:\LunaPlayworks\7.2.0\pipeline\templates\LunaCompiler\Scripts\bin\Debug\Retyped.dom.xml".

  Deleting file "F:\LunaPlayworks\7.2.0\pipeline\templates\LunaCompiler\Scripts\bin\Debug\Retyped.es5.xml".

  Deleting file "F:\LunaPlayworks\7.2.0\pipeline\templates\LunaCompiler\Scripts\bin\Debug\Retyped.scripthost.xml".

  Deleting file "F:\LunaPlayworks\7.2.0\pipeline\templates\LunaCompiler\Scripts\obj\Debug\Scripts.csproj.AssemblyReference.cache".

  Deleting file "F:\LunaPlayworks\7.2.0\pipeline\templates\LunaCompiler\Scripts\obj\Debug\Scripts.csproj.CoreCompileInputs.cache".

  Deleting file "F:\LunaPlayworks\7.2.0\pipeline\templates\LunaCompiler\Scripts\obj\Debug\Scripts.csproj.Up2Date".

  Deleting file "F:\LunaPlayworks\7.2.0\pipeline\templates\LunaCompiler\Scripts\obj\Debug\UnityScriptsCompiler.dll".

  Deleting file "F:\LunaPlayworks\7.2.0\pipeline\templates\LunaCompiler\Scripts\obj\Debug\UnityScriptsCompiler.pdb".

GenerateTargetFrameworkMonikerAttribute:
Skipping target "GenerateTargetFrameworkMonikerAttribute" because all output files are up-to-date with respect to the input files.

CoreCompile:
  Setting DOTNET_TieredCompilation to '0'

  C:\Program Files\Microsoft Visual Studio\18\Community\MSBuild\Current\Bin\Roslyn\csc.exe /noconfig /nowarn:CS0626,1701,1702 /fullpaths /nostdlib+ /errorreport:prompt /warn:4 /define:UNITY_LUNA;CSHARP_7_OR_LATER;CSHARP_7_3_OR_NEWER;UNITY_5_3_OR_NEWER;UNITY_5_4_OR_NEWER;UNITY_5_5_OR_NEWER;UNITY_6000;UNITY_2017_1_OR_NEWER;UNITY_2017_2_OR_NEWER;UNITY_2017_3_OR_NEWER;UNITY_2017_4_OR_NEWER;UNITY_2018_1_OR_NEWER;UNITY_2018_2_OR_NEWER;UNITY_2018_3_OR_NEWER;UNITY_2018_4_OR_NEWER;UNITY_2019_1_OR_NEWER;UNITY_2019_2_OR_NEWER;UNITY_2019_3_OR_NEWER;UNITY_2019_4_OR_NEWER;UNITY_2020_1_OR_NEWER;UNITY_2020_2_OR_NEWER;UNITY_2020_3_OR_NEWER;UNITY_2021_1_OR_NEWER;UNITY_2021_2_OR_NEWER;UNITY_2021_3_OR_NEWER;UNITY_2022_1_OR_NEWER;UNITY_2022_2_OR_NEWER;UNITY_2022_3_OR_NEWER;UNITY_2023_1_OR_NEWER;UNITY_2023_2_OR_NEWER;UNITY_2023_3_OR_NEWER;UNITY_6000_0_OR_NEWER;UNITY_6000_0;UNITY_6000_0_78 /highentropyva+ /reference:F:\LunaPlayworks\7.2.0\pipeline\templates\LunaCompiler\packages\Bridge.Core.17.9.42-luna\lib\net40\Bridge.dll /reference:F:\LunaPlayworks\7.2.0\pipeline\templates\LunaCompiler\packages\Bridge.Html5.17.9.0\lib\net40\Bridge.Html5.dll /reference:F:\LunaPlayworks\7.2.0\pipeline\templates\LunaCompiler\packages\Bridge.WebGL.1.22.0\lib\net40\Bridge.WebGL.dll /reference:F:\LunaPlayworks\7.2.0\pipeline\templates\LunaCompiler\packages\DOTween.1.2.705\lib\net40\DOTween.dll /reference:F:\LunaPlayworks\7.2.0\pipeline\templates\LunaCompiler\packages\Bridge.Newtonsoft.Json.1.16.0\lib\net40\Newtonsoft.Json.dll /reference:F:\LunaPlayworks\7.2.0\pipeline\templates\LunaCompiler\packages\Retyped.Core.1.6.6733\lib\net40\Retyped.Core.dll /reference:F:\LunaPlayworks\7.2.0\pipeline\templates\LunaCompiler\packages\Retyped.dom.2.8.6733\lib\net40\Retyped.dom.dll /reference:F:\LunaPlayworks\7.2.0\pipeline\templates\LunaCompiler\packages\Retyped.es5.2.8.6733\lib\net40\Retyped.es5.dll /reference:F:\LunaPlayworks\7.2.0\pipeline\templates\LunaCompiler\packages\Retyped.scripthost.2.8.6733\lib\net40\Retyped.scripthost.dll /reference:F:\LunaPlayworks\7.2.0\pipeline\templates\LunaCompiler\packages\com.unity.textmeshpro\3.0.6\TextMeshPro.dll /reference:F:\LunaPlayworks\7.2.0\pipeline\templates\LunaCompiler\Scripts\Vendor\UnityEngine.dll /reference:F:\LunaPlayworks\7.2.0\pipeline\templates\LunaCompiler\packages\com.unity.ui\1.2.1\UnityEngine.UI.dll /reference:F:\LunaPlayworks\7.2.0\pipeline\templates\LunaCompiler\packages\com.unity.urp\7.6\UnityEngine.UniversalRenderPipeline.dll /debug+ /debug:full /optimize- /out:obj\Debug\UnityScriptsCompiler.dll /subsystemversion:6.00 /target:library /warnaserror- /utf8output /langversion:8 "F:\UnityProjects\SRG_V01\LunaTemp\stage3\processed-scripts\Assets\00 SCRIPTS\Attack.cs" "F:\UnityProjects\SRG_V01\LunaTemp\stage3\processed-scripts\Assets\00 SCRIPTS\AudioController.cs" "F:\UnityProjects\SRG_V01\LunaTemp\stage3\processed-scripts\Assets\00 SCRIPTS\GameController.cs" "F:\UnityProjects\SRG_V01\LunaTemp\stage3\processed-scripts\Assets\00 SCRIPTS\LunaController.cs" F:\UnityProjects\SRG_V01\LunaTemp\stage3\processed-scripts\Assets\Plugins\Demigiant\DOTween\Modules\DOTweenModuleAudio.cs F:\UnityProjects\SRG_V01\LunaTemp\stage3\processed-scripts\Assets\Plugins\Demigiant\DOTween\Modules\DOTweenModuleEPOOutline.cs F:\UnityProjects\SRG_V01\LunaTemp\stage3\processed-scripts\Assets\Plugins\Demigiant\DOTween\Modules\DOTweenModulePhysics.cs F:\UnityProjects\SRG_V01\LunaTemp\stage3\processed-scripts\Assets\Plugins\Demigiant\DOTween\Modules\DOTweenModulePhysics2D.cs F:\UnityProjects\SRG_V01\LunaTemp\stage3\processed-scripts\Assets\Plugins\Demigiant\DOTween\Modules\DOTweenModuleSprite.cs F:\UnityProjects\SRG_V01\LunaTemp\stage3\processed-scripts\Assets\Plugins\Demigiant\DOTween\Modules\DOTweenModuleUI.cs F:\UnityProjects\SRG_V01\LunaTemp\stage3\processed-scripts\Assets\Plugins\Demigiant\DOTween\Modules\DOTweenModuleUnityVersion.cs F:\UnityProjects\SRG_V01\LunaTemp\stage3\processed-scripts\Assets\Plugins\Demigiant\DOTween\Modules\DOTweenModuleUtils.cs F:\UnityProjects\SRG_V01\LunaTemp\stage3\processed-scripts\Assets\Plugins\Demigiant\DOTweenPro\DOTweenAnimation.cs F:\UnityProjects\SRG_V01\LunaTemp\stage3\processed-scripts\Assets\Plugins\Demigiant\DOTweenPro\DOTweenDeAudio.cs F:\UnityProjects\SRG_V01\LunaTemp\stage3\processed-scripts\Assets\Plugins\Demigiant\DOTweenPro\DOTweenDeUnityExtended.cs F:\UnityProjects\SRG_V01\LunaTemp\stage3\processed-scripts\Assets\Plugins\Demigiant\DOTweenPro\DOTweenProShortcuts.cs F:\UnityProjects\SRG_V01\LunaTemp\stage3\processed-scripts\Assets\Plugins\Demigiant\DOTweenPro\DOTweenTextMeshPro.cs F:\UnityProjects\SRG_V01\LunaTemp\stage3\processed-scripts\Assets\Plugins\Demigiant\DOTweenPro\DOTweenTk2d.cs Properties/AssemblyInfo.cs Sources/OtherDummyScript.cs "obj\Debug\.NETFramework,Version=v4.7.AssemblyAttributes.cs"

  Compilation request Scripts, PathToTool=C:\Program Files\Microsoft Visual Studio\18\Community\MSBuild\Current\Bin\Roslyn\csc.exe

  CommandLine = ' /noconfig'
  BuildResponseFile = '/nowarn:CS0626,1701,1702 /fullpaths /nostdlib+ /errorreport:prompt /warn:4 /define:UNITY_LUNA;CSHARP_7_OR_LATER;CSHARP_7_3_OR_NEWER;UNITY_5_3_OR_NEWER;UNITY_5_4_OR_NEWER;UNITY_5_5_OR_NEWER;UNITY_6000;UNITY_2017_1_OR_NEWER;UNITY_2017_2_OR_NEWER;UNITY_2017_3_OR_NEWER;UNITY_2017_4_OR_NEWER;UNITY_2018_1_OR_NEWER;UNITY_2018_2_OR_NEWER;UNITY_2018_3_OR_NEWER;UNITY_2018_4_OR_NEWER;UNITY_2019_1_OR_NEWER;UNITY_2019_2_OR_NEWER;UNITY_2019_3_OR_NEWER;UNITY_2019_4_OR_NEWER;UNITY_2020_1_OR_NEWER;UNITY_2020_2_OR_NEWER;UNITY_2020_3_OR_NEWER;UNITY_2021_1_OR_NEWER;UNITY_2021_2_OR_NEWER;UNITY_2021_3_OR_NEWER;UNITY_2022_1_OR_NEWER;UNITY_2022_2_OR_NEWER;UNITY_2022_3_OR_NEWER;UNITY_2023_1_OR_NEWER;UNITY_2023_2_OR_NEWER;UNITY_2023_3_OR_NEWER;UNITY_6000_0_OR_NEWER;UNITY_6000_0;UNITY_6000_0_78 /highentropyva+ /reference:F:\LunaPlayworks\7.2.0\pipeline\templates\LunaCompiler\packages\Bridge.Core.17.9.42-luna\lib\net40\Bridge.dll /reference:F:\LunaPlayworks\7.2.0\pipeline\templates\LunaCompiler\packages\Bridge.Html5.17.9.0\lib\net40\Bridge.Html5.dll /reference:F:\LunaPlayworks\7.2.0\pipeline\templates\LunaCompiler\packages\Bridge.WebGL.1.22.0\lib\net40\Bridge.WebGL.dll /reference:F:\LunaPlayworks\7.2.0\pipeline\templates\LunaCompiler\packages\DOTween.1.2.705\lib\net40\DOTween.dll /reference:F:\LunaPlayworks\7.2.0\pipeline\templates\LunaCompiler\packages\Bridge.Newtonsoft.Json.1.16.0\lib\net40\Newtonsoft.Json.dll /reference:F:\LunaPlayworks\7.2.0\pipeline\templates\LunaCompiler\packages\Retyped.Core.1.6.6733\lib\net40\Retyped.Core.dll /reference:F:\LunaPlayworks\7.2.0\pipeline\templates\LunaCompiler\packages\Retyped.dom.2.8.6733\lib\net40\Retyped.dom.dll /reference:F:\LunaPlayworks\7.2.0\pipeline\templates\LunaCompiler\packages\Retyped.es5.2.8.6733\lib\net40\Retyped.es5.dll /reference:F:\LunaPlayworks\7.2.0\pipeline\templates\LunaCompiler\packages\Retyped.scripthost.2.8.6733\lib\net40\Retyped.scripthost.dll /reference:F:\LunaPlayworks\7.2.0\pipeline\templates\LunaCompiler\packages\com.unity.textmeshpro\3.0.6\TextMeshPr
o.dll /reference:F:\LunaPlayworks\7.2.0\pipeline\templates\LunaCompiler\Scripts\Vendor\UnityEngine.dll /reference:F:\LunaPlayworks\7.2.0\pipeline\templates\LunaCompiler\packages\com.unity.ui\1.2.1\UnityEngine.UI.dll /reference:F:\LunaPlayworks\7.2.0\pipeline\templates\LunaCompiler\packages\com.unity.urp\7.6\UnityEngine.UniversalRenderPipeline.dll /debug+ /debug:full /optimize- /out:obj\Debug\UnityScriptsCompiler.dll /subsystemversion:6.00 /target:library /warnaserror- /utf8output /langversion:8 "F:\UnityProjects\SRG_V01\LunaTemp\stage3\processed-scripts\Assets\00 SCRIPTS\Attack.cs" "F:\UnityProjects\SRG_V01\LunaTemp\stage3\processed-scripts\Assets\00 SCRIPTS\AudioController.cs" "F:\UnityProjects\SRG_V01\LunaTemp\stage3\processed-scripts\Assets\00 SCRIPTS\GameController.cs" "F:\UnityProjects\SRG_V01\LunaTemp\stage3\processed-scripts\Assets\00 SCRIPTS\LunaController.cs" F:\UnityProjects\SRG_V01\LunaTemp\stage3\processed-scripts\Assets\Plugins\Demigiant\DOTween\Modules\DOTweenModuleAudio.cs F:\UnityProjects\SRG_V01\LunaTemp\stage3\processed-scripts\Assets\Plugins\Demigiant\DOTween\Modules\DOTweenModuleEPOOutline.cs F:\UnityProjects\SRG_V01\LunaTemp\stage3\processed-scripts\Assets\Plugins\Demigiant\DOTween\Modules\DOTweenModulePhysics.cs F:\UnityProjects\SRG_V01\LunaTemp\stage3\processed-scripts\Assets\Plugins\Demigiant\DOTween\Modules\DOTweenModulePhysics2D.cs F:\UnityProjects\SRG_V01\LunaTemp\stage3\processed-scripts\Assets\Plugins\Demigiant\DOTween\Modules\DOTweenModuleSprite.cs F:\UnityProjects\SRG_V01\LunaTemp\stage3\processed-scripts\Assets\Plugins\Demigiant\DOTween\Modules\DOTweenModuleUI.cs F:\UnityProjects\SRG_V01\LunaTemp\stage3\processed-scripts\Assets\Plugins\Demigiant\DOTween\Modules\DOTweenModuleUnityVersion.cs F:\UnityProjects\SRG_V01\LunaTemp\stage3\processed-scripts\Assets\Plugins\Demigiant\DOTween\Modules\DOTweenModuleUtils.cs F:\UnityProjects\SRG_V01\LunaTemp\stage3\processed-scripts\Assets\Plugins\Demigiant\DOTweenPro\DOTweenAnimation.cs F:\UnityProjects\SRG_V01\LunaTemp\stage3\processed-scripts\Assets\Plugins\Demigiant\DOTweenPro\DOTweenDeAudio.cs F:\UnityProjects\SRG_V01\LunaTemp\stage3\processed-scripts\Assets\Plugins\Demigiant\DOTweenPro\DOTweenDeUnityExtended.cs F:\UnityProjects\SRG_V01\LunaTemp\stage3\processed-scripts\Assets\Plugins\Demigiant\DOTweenPro\DOTweenProShortcuts.cs F:\UnityProjects\SRG_V01\LunaTemp\stage3\processed-scripts\Assets\Plugins\Demigiant\DOTweenPro\DOTweenTextMeshPro.cs F:\UnityProjects\SRG_V01\LunaTemp\stage3\processed-scripts\Assets\Plugins\Demigiant\DOTweenPro\DOTweenTk2d.cs Properties/AssemblyInfo.cs Sources/OtherDummyScript.cs "obj\Debug\.NETFramework,Version=v4.7.AssemblyAttributes.cs"'

  Attempting to create process 'C:\Program Files\Microsoft Visual Studio\18\Community\MSBuild\Current\Bin\Roslyn\VBCSCompiler.exe' "-pipename:JaSzLJ79ohNwuN4YExVd335aZo5AVCxG2mZ7CTAeWIc"

  Setting DOTNET_TieredCompilation to '0'

  Successfully created process with process id 12372

  Attempt to open named pipe 'JaSzLJ79ohNwuN4YExVd335aZo5AVCxG2mZ7CTAeWIc'

  Attempt to connect named pipe 'JaSzLJ79ohNwuN4YExVd335aZo5AVCxG2mZ7CTAeWIc'

  Named pipe 'JaSzLJ79ohNwuN4YExVd335aZo5AVCxG2mZ7CTAeWIc' connected

  Begin writing request for Scripts

  End writing request for Scripts
  Begin reading response for Scripts

  End reading response for Scripts

F:\UnityProjects\SRG_V01\LunaTemp\stage3\processed-scripts\Assets\00 SCRIPTS\LunaController.cs(13,43): warning CS0649: Field 'LunaController.CTA' is never assigned to, and will always have its default value null [F:\LunaPlayworks\7.2.0\pipeline\templates\LunaCompiler\Scripts\Scripts.csproj]

F:\UnityProjects\SRG_V01\LunaTemp\stage3\processed-scripts\Assets\00 SCRIPTS\Attack.cs(5,38): warning CS0649: Field 'Attack.offset' is never assigned to, and will always have its default value [F:\LunaPlayworks\7.2.0\pipeline\templates\LunaCompiler\Scripts\Scripts.csproj]
F:\UnityProjects\SRG_V01\LunaTemp\stage3\processed-scripts\Assets\00 SCRIPTS\LunaController.cs(12,39): warning CS0649: Field 'LunaController.BGImage' is never assigned to, and will always have its default value null [F:\LunaPlayworks\7.2.0\pipeline\templates\LunaCompiler\Scripts\Scripts.csproj]

F:\UnityProjects\SRG_V01\LunaTemp\stage3\processed-scripts\Assets\00 SCRIPTS\Attack.cs(6,38): warning CS0649: Field 'Attack.boxSize' is never assigned to, and will always have its default value [F:\LunaPlayworks\7.2.0\pipeline\templates\LunaCompiler\Scripts\Scripts.csproj]

  CompilerServer: server - server processed compilation - Scripts

_CopyFilesMarkedCopyLocal:
  Copying file from "F:\LunaPlayworks\7.2.0\pipeline\templates\LunaCompiler\packages\Bridge.WebGL.1.22.0\lib\net40\Bridge.WebGL.dll" to "F:\LunaPlayworks\7.2.0\pipeline\templates\LunaCompiler\Scripts\bin\Debug\Bridge.WebGL.dll".

  Copying file from "F:\LunaPlayworks\7.2.0\pipeline\templates\LunaCompiler\packages\Retyped.Core.1.6.6733\lib\net40\Retyped.Core.dll" to "F:\LunaPlayworks\7.2.0\pipeline\templates\LunaCompiler\Scripts\bin\Debug\Retyped.Core.dll".
  Copying file from "F:\LunaPlayworks\7.2.0\pipeline\templates\LunaCompiler\packages\Bridge.Html5.17.9.0\lib\net40\Bridge.Html5.dll" to "F:\LunaPlayworks\7.2.0\pipeline\templates\LunaCompiler\Scripts\bin\Debug\Bridge.Html5.dll".
  Copying file from "F:\LunaPlayworks\7.2.0\pipeline\templates\LunaCompiler\packages\Bridge.Newtonsoft.Json.1.16.0\lib\net40\Newtonsoft.Json.dll" to "F:\LunaPlayworks\7.2.0\pipeline\templates\LunaCompiler\Scripts\bin\Debug\Newtonsoft.Json.dll".
  Copying file from "F:\LunaPlayworks\7.2.0\pipeline\templates\LunaCompiler\packages\DOTween.1.2.705\lib\net40\DOTween.dll" to "F:\LunaPlayworks\7.2.0\pipeline\templates\LunaCompiler\Scripts\bin\Debug\DOTween.dll".

  Copying file from "F:\LunaPlayworks\7.2.0\pipeline\templates\LunaCompiler\packages\Bridge.Core.17.9.42-luna\lib\net40\Bridge.dll" to "F:\LunaPlayworks\7.2.0\pipeline\templates\LunaCompiler\Scripts\bin\Debug\Bridge.dll".

  Copying file from "F:\LunaPlayworks\7.2.0\pipeline\templates\LunaCompiler\packages\Retyped.dom.2.8.6733\lib\net40\Retyped.dom.dll" to "F:\LunaPlayworks\7.2.0\pipeline\templates\LunaCompiler\Scripts\bin\Debug\Retyped.dom.dll".

  Copying file from "F:\LunaPlayworks\7.2.0\pipeline\templates\LunaCompiler\packages\Retyped.es5.2.8.6733\lib\net40\Retyped.es5.dll" to "F:\LunaPlayworks\7.2.0\pipeline\templates\LunaCompiler\Scripts\bin\Debug\Retyped.es5.dll".
  Copying file from "F:\LunaPlayworks\7.2.0\pipeline\templates\LunaCompiler\packages\Retyped.scripthost.2.8.6733\lib\net40\Retyped.scripthost.dll" to "F:\LunaPlayworks\7.2.0\pipeline\templates\LunaCompiler\Scripts\bin\Debug\Retyped.scripthost.dll".
  Copying file from "F:\LunaPlayworks\7.2.0\pipeline\templates\LunaCompiler\packages\com.unity.textmeshpro\3.0.6\TextMeshPro.dll" to "F:\LunaPlayworks\7.2.0\pipeline\templates\LunaCompiler\Scripts\bin\Debug\TextMeshPro.dll".

  Copying file from "F:\LunaPlayworks\7.2.0\pipeline\templates\LunaCompiler\Scripts\Vendor\UnityEngine.dll" to "F:\LunaPlayworks\7.2.0\pipeline\templates\LunaCompiler\Scripts\bin\Debug\UnityEngine.dll".

  Copying file from "F:\LunaPlayworks\7.2.0\pipeline\templates\LunaCompiler\packages\com.unity.ui\1.2.1\UnityEngine.UI.dll" to "F:\LunaPlayworks\7.2.0\pipeline\templates\LunaCompiler\Scripts\bin\Debug\UnityEngine.UI.dll".

  Copying file from "F:\LunaPlayworks\7.2.0\pipeline\templates\LunaCompiler\packages\com.unity.urp\7.6\UnityEngine.UniversalRenderPipeline.dll" to "F:\LunaPlayworks\7.2.0\pipeline\templates\LunaCompiler\Scripts\bin\Debug\UnityEngine.UniversalRenderPipeline.dll".

  Copying file from "F:\LunaPlayworks\7.2.0\pipeline\templates\LunaCompiler\packages\Bridge.Core.17.9.42-luna\lib\net40\Bridge.xml" to "F:\LunaPlayworks\7.2.0\pipeline\templates\LunaCompiler\Scripts\bin\Debug\Bridge.xml".

  Copying file from "F:\LunaPlayworks\7.2.0\pipeline\templates\LunaCompiler\packages\Bridge.Html5.17.9.0\lib\net40\Bridge.Html5.xml" to "F:\LunaPlayworks\7.2.0\pipeline\templates\LunaCompiler\Scripts\bin\Debug\Bridge.Html5.xml".

  Copying file from "F:\LunaPlayworks\7.2.0\pipeline\templates\LunaCompiler\packages\Bridge.WebGL.1.22.0\lib\net40\Bridge.WebGL.xml" to "F:\LunaPlayworks\7.2.0\pipeline\templates\LunaCompiler\Scripts\bin\Debug\Bridge.WebGL.xml".

  Copying file from "F:\LunaPlayworks\7.2.0\pipeline\templates\LunaCompiler\packages\Bridge.Newtonsoft.Json.1.16.0\lib\net40\Newtonsoft.Json.xml" to "F:\LunaPlayworks\7.2.0\pipeline\templates\LunaCompiler\Scripts\bin\Debug\Newtonsoft.Json.xml".

  Copying file from "F:\LunaPlayworks\7.2.0\pipeline\templates\LunaCompiler\packages\Retyped.Core.1.6.6733\lib\net40\Retyped.Core.xml" to "F:\LunaPlayworks\7.2.0\pipeline\templates\LunaCompiler\Scripts\bin\Debug\Retyped.Core.xml".

  Copying file from "F:\LunaPlayworks\7.2.0\pipeline\templates\LunaCompiler\packages\Retyped.dom.2.8.6733\lib\net40\Retyped.dom.xml" to "F:\LunaPlayworks\7.2.0\pipeline\templates\LunaCompiler\Scripts\bin\Debug\Retyped.dom.xml".

  Copying file from "F:\LunaPlayworks\7.2.0\pipeline\templates\LunaCompiler\packages\Retyped.es5.2.8.6733\lib\net40\Retyped.es5.xml" to "F:\LunaPlayworks\7.2.0\pipeline\templates\LunaCompiler\Scripts\bin\Debug\Retyped.es5.xml".

  Copying file from "F:\LunaPlayworks\7.2.0\pipeline\templates\LunaCompiler\packages\Retyped.scripthost.2.8.6733\lib\net40\Retyped.scripthost.xml" to "F:\LunaPlayworks\7.2.0\pipeline\templates\LunaCompiler\Scripts\bin\Debug\Retyped.scripthost.xml".

  Creating "F:\LunaPlayworks\7.2.0\pipeline\templates\LunaCompiler\Scripts\obj\Debug\Scripts.csproj.Up2Date" because "AlwaysCreate" was specified.

  Touching "F:\LunaPlayworks\7.2.0\pipeline\templates\LunaCompiler\Scripts\obj\Debug\Scripts.csproj.Up2Date".

CopyFilesToOutputDirectory:
  Copying file from "F:\LunaPlayworks\7.2.0\pipeline\templates\LunaCompiler\Scripts\obj\Debug\UnityScriptsCompiler.dll" to "F:\LunaPlayworks\7.2.0\pipeline\templates\LunaCompiler\Scripts\bin\Debug\UnityScriptsCompiler.dll".

  Scripts -> F:\LunaPlayworks\7.2.0\pipeline\templates\LunaCompiler\Scripts\bin\Debug\UnityScriptsCompiler.dll

  Copying file from "F:\LunaPlayworks\7.2.0\pipeline\templates\LunaCompiler\Scripts\obj\Debug\UnityScriptsCompiler.pdb" to "F:\LunaPlayworks\7.2.0\pipeline\templates\LunaCompiler\Scripts\bin\Debug\UnityScriptsCompiler.pdb".

BridgeNetCompilerTask:
  Bridge started

      To enable detailed logging, configure "logging" in bridge.json.

      https://github.com/bridgedotnet/Bridge/wiki/global-configuration#logging

  Bridge done

Done Building Project "F:\LunaPlayworks\7.2.0\pipeline\templates\LunaCompiler\Scripts\Scripts.csproj" (Rebuild target(s)).


Build succeeded.


"F:\LunaPlayworks\7.2.0\pipeline\templates\LunaCompiler\Scripts\Scripts.csproj" (Rebuild target) (1) ->

(CoreCompile target) -> 
  F:\UnityProjects\SRG_V01\LunaTemp\stage3\processed-scripts\Assets\00 SCRIPTS\LunaController.cs(13,43): warning CS0649: Field 'LunaController.CTA' is never assigned to, and will always have its default value null [F:\LunaPlayworks\7.2.0\pipeline\templates\LunaCompiler\Scripts\Scripts.csproj]
  F:\UnityProjects\SRG_V01\LunaTemp\stage3\processed-scripts\Assets\00 SCRIPTS\Attack.cs(5,38): warning CS0649: Field 'Attack.offset' is never assigned to, and will always have its default value [F:\LunaPlayworks\7.2.0\pipeline\templates\LunaCompiler\Scripts\Scripts.csproj]
  F:\UnityProjects\SRG_V01\LunaTemp\stage3\processed-scripts\Assets\00 SCRIPTS\LunaController.cs(12,39): warning CS0649: Field 'LunaController.BGImage' is never assigned to, and will always have its default value null [F:\LunaPlayworks\7.2.0\pipeline\templates\LunaCompiler\Scripts\Scripts.csproj]
  F:\UnityProjects\SRG_V01\LunaTemp\stage3\processed-scripts\Assets\00 SCRIPTS\Attack.cs(6,38): warning CS0649: Field 'Attack.boxSize' is never assigned to, and will always have its default value [F:\LunaPlayworks\7.2.0\pipeline\templates\LunaCompiler\Scripts\Scripts.csproj]

    4 Warning(s)
    0 Error(s)


Time Elapsed 00:00:10.67

Source code compiled successfully!
∩╗┐
[ error ] $∩╗┐
Diagnostics gathered successfully
report@code:build 24644.29
report@diagnostics:verify 0.55
report@diagnostics:upload 1862.52
report@code:stage 10909.48
[ Stage3 ] Code compiled and bundled successfully.
report@code:bundle 37605.61
report@package:stage 2876.26
[ Stage4 ] Target platform: develop
[ Stage4 ] Package bundled successfully
report@assets:stats 0.40
